{
    "compute_bases_reads computes the number of bases in reads -- SE reads; one read": {
        "content": [
            {
                "0": [
                    "2500000"
                ],
                "bases": [
                    "2500000"
                ]
            }
        ],
        "timestamp": "2024-01-18T19:17:10.585597466"
    }
}