{
    "cutadapt works for single-end reads and publishes trimmed reads when `params.publishTrimReads = true`.": {
        "content": [
            [
                [
                    {
                        "sampleName": "SRR1066657_GSM1299413_WT_NR_A",
                        "readType": "single"
                    },
                    "SRR1066657_GSM1299413_WT_NR_A_trimmed_R1.fastq.gz:md5,9c46e73133a169e413c6f94eb6afb277"
                ]
            ]
        ],
        "timestamp": "2023-09-13T19:13:07+0000"
    },
    "cutadapt trims reads -- PE reads.": {
        "content": [
            [
                [
                    {
                        "sampleName": "SRR6924569",
                        "sampleNumber": "1",
                        "lane": "001",
                        "readType": "paired"
                    },
                    "SRR6924569_L001_trimmed_R1.fastq.gz:md5,1025b1a273fee2b51bd597f519ebbe86",
                    "SRR6924569_L001_trimmed_R2.fastq.gz:md5,3c3451e122dcf82b1be4a4526519fcc7"
                ]
            ]
        ],
        "timestamp": "2023-10-13T10:51:06.005547208"
    },
    "CUTADAPT works for single-end reads.": {
        "content": [
            [
                [
                    {
                        "sampleName": "SRR1066657_GSM1299413_WT_NR_A",
                        "readType": "single"
                    },
                    "SRR1066657_GSM1299413_WT_NR_A_R1.fastq.gz:md5,9c46e73133a169e413c6f94eb6afb277"
                ]
            ]
        ],
        "timestamp": "2023-09-13T19:13:07+0000"
    },
    "CUTADAPT works for paired-end reads.": {
        "content": [
            [
                [
                    {
                        "sampleName": "SRR6924589_GSM3073211_Saccharomyces_cerevisiae-AN_Biological_Repeat-1",
                        "readType": "paired"
                    },
                    [
                        "SRR6924589_GSM3073211_Saccharomyces_cerevisiae-AN_Biological_Repeat-1_R1.fastq.gz:md5,ce49af7bca8aedfc501c2b805034c7f4",
                        "SRR6924589_GSM3073211_Saccharomyces_cerevisiae-AN_Biological_Repeat-1_R2.fastq.gz:md5,c8ae59bdc21d387338e752c1ed066bb2"
                    ]
                ]
            ]
        ],
        "timestamp": "2023-09-13T19:13:07+0000"
    },
    "cutadapt works for paired-end reads.": {
        "content": [
            [
                [
                    {
                        "sampleName": "SRR6924589_GSM3073211_Saccharomyces_cerevisiae-AN_Biological_Repeat-1",
                        "readType": "paired"
                    },
                    [
                        "SRR6924589_GSM3073211_Saccharomyces_cerevisiae-AN_Biological_Repeat-1_R1.fastq.gz:md5,ce49af7bca8aedfc501c2b805034c7f4",
                        "SRR6924589_GSM3073211_Saccharomyces_cerevisiae-AN_Biological_Repeat-1_R2.fastq.gz:md5,c8ae59bdc21d387338e752c1ed066bb2"
                    ]
                ]
            ]
        ],
        "timestamp": "2023-09-13T19:13:07+0000"
    },
    "cutadapt trims reads -- SE reads.": {
        "content": [
            [
                [
                    {
                        "sampleName": "SRR1066657",
                        "sampleNumber": "3",
                        "lane": "001",
                        "readType": "single"
                    },
                    "SRR1066657_L001_trimmed_R1.fastq.gz:md5,0cf552582764f49d0eb969ffb0950ed4",
                    "SRR1066657_L001_trimmed_R2.NOFILE:md5,d41d8cd98f00b204e9800998ecf8427e"
                ]
            ]
        ],
        "timestamp": "2023-10-13T10:50:58.351968166"
    },
    "cutadapt works for single-end reads.": {
        "content": [
            [
                [
                    {
                        "sampleName": "SRR1066657_GSM1299413_WT_NR_A",
                        "readType": "single"
                    },
                    "SRR1066657_GSM1299413_WT_NR_A_R1.fastq.gz:md5,9c46e73133a169e413c6f94eb6afb277"
                ]
            ]
        ],
        "timestamp": "2023-09-13T19:13:07+0000"
    },
    "cutadapt works for SE reads.": {
        "content": [
            [
                [
                    {
                        "sampleName": "SRR1066657_GSM1299413_WT_NR_A",
                        "readType": "single"
                    },
                    "SRR1066657_GSM1299413_WT_NR_A_trimmed_R1.fastq.gz:md5,9c46e73133a169e413c6f94eb6afb277"
                ]
            ]
        ],
        "timestamp": "2023-09-13T19:13:07+0000"
    },
    "cutadapt works for PE reads.": {
        "content": [
            [
                [
                    {
                        "sampleName": "SRR6924589_GSM3073211_Saccharomyces_cerevisiae-AN_Biological_Repeat-1",
                        "readType": "paired"
                    },
                    [
                        "SRR6924589_GSM3073211_Saccharomyces_cerevisiae-AN_Biological_Repeat-1_trimmed_R1.fastq.gz:md5,ce49af7bca8aedfc501c2b805034c7f4",
                        "SRR6924589_GSM3073211_Saccharomyces_cerevisiae-AN_Biological_Repeat-1_trimmed_R2.fastq.gz:md5,c8ae59bdc21d387338e752c1ed066bb2"
                    ]
                ]
            ]
        ],
        "timestamp": "2023-09-13T19:13:07+0000"
    }
}